// Jest Snapshot v1, https://goo.gl/fbAQLP

exports[`Snapshot test component NavigationBar Should correct render (with store) 1`] = `
<nav
  className="navigationBar"
>
  <img
    alt="user-avatar"
    draggable="false"
  />
  <a
    className="link"
    href="/profile"
    onClick={[Function]}
  >
    Alex
  </a>
  <a
    className="link"
    href="/"
    onClick={[Function]}
  >
    Выйти
  </a>
</nav>
`;
