// Jest Snapshot v1, https://goo.gl/fbAQLP

exports[`<GameOverlay/> snapshot test cases <GameOverlay/> should render <div className=gameOverlay> parent with <GameEND/> child component (status=END) 1`] = `
<div
  className="gameOverlay"
>
  <div
    className="gameEnd"
  >
    <p
      className="gameEndText"
    >
      Игра окончена!
    </p>
    <p
      className="gameEndText"
    >
      Количество набранных очков: 
    </p>
    <div
      className="gameEndButtons"
    >
      <a
        className="linkButton gameEndButton"
        href="/"
        onClick={[Function]}
      >
        На главную
      </a>
      <button
        className="button gameEndButton"
        onClick={[Function]}
      >
        Сыграть еще раз
      </button>
      <a
        className="linkButton gameEndButton"
        href="/leaderboard"
        onClick={[Function]}
      >
        Посмотреть таблицу лидеров
      </a>
    </div>
  </div>
</div>
`;

exports[`<GameOverlay/> snapshot test cases <GameOverlay/> should render <div className=gameOverlay> parent with <GameStart/> child component (status=START) 1`] = `
<div
  className="gameOverlay"
>
  <div
    className="gameStart"
  >
    <p>
      Куда жать, чтобы было весело?!
    </p>
    <img
      alt="Клавиатура"
      draggable={false}
      height={303}
      width={720}
    />
    <button
      className="button gameStartButton"
      onClick={[Function]}
    >
      ПОНЯЛ, ПОГНАЛИ!
    </button>
  </div>
</div>
`;

exports[`<GameOverlay/> snapshot test cases <GameOverlay/> should render null 1`] = `null`;
