// Jest Snapshot v1, https://goo.gl/fbAQLP

exports[`<ForumNewMessage/> snapshot test cases <ForumMessages/> should render <div className=forum> with child elements 1`] = `
<div
  className="forum"
>
  <h2
    className="forumTitle"
  >
    Новое сообщение
  </h2>
  <div>
    <form
      onSubmit={[Function]}
    >
      <label>
        <input
          className="form__input"
          placeholder="Инпут"
          type="hidden"
        />
      </label>
      <label>
        <input
          className="form__input"
          name="body"
          placeholder="Введите сообщение"
          type="text"
        />
      </label>
      <button
        className="button forumBtnCreate"
        type="submit"
      >
        сохранить
      </button>
    </form>
    <a
      className="forumLink"
      href="/forum"
      onClick={[Function]}
    >
      назад
    </a>
  </div>
</div>
`;
