// Jest Snapshot v1, https://goo.gl/fbAQLP

exports[`<Input/> snapshot test cases <Input/> should render <input> 1`] = `
<label>
  <input
    className="formInput"
    placeholder="mockPlaceholder"
    type="text"
  />
</label>
`;
