// Jest Snapshot v1, https://goo.gl/fbAQLP

exports[`Snapshot test component HeroBomb Should correct render (without props) 1`] = `
<img
  alt="Герой символизирующий ошибку"
  draggable={false}
  height={426}
  width={426}
/>
`;
