// Jest Snapshot v1, https://goo.gl/fbAQLP

exports[`<Leaderboard/> snapshot test cases <Leaderboard/> should render <div className=leaderboard> parent with child elements (with store) 1`] = `
<div
  className="leaderboard"
>
  <nav
    className="navigationBar"
  >
    <img
      alt="user-avatar"
      draggable="false"
    />
    <a
      className="link"
      href="/profile"
      onClick={[Function]}
    >
      mockDisplayName
    </a>
    <a
      className="link"
      href="/"
      onClick={[Function]}
    >
      Выйти
    </a>
  </nav>
  <div
    className="container"
  >
    <div
      className="tableCaption"
    >
      Таблица лидеров
    </div>
    <table
      className="table"
    >
      <thead>
        <tr>
          <th
            className="head ascending"
            onClick={[Function]}
          >
            Место
          </th>
          <th
            className="head"
            onClick={[Function]}
          >
            Имя игрока
          </th>
          <th
            className="head"
            onClick={[Function]}
          >
            Очки
          </th>
          <th
            className="head"
            onClick={[Function]}
          >
            Сыграно игр
          </th>
        </tr>
      </thead>
      <tbody>
        <tr
          className="row"
        >
          <td
            className="columnPlace"
          >
            1
          </td>
          <td
            className="columnName"
          >
            Alex
          </td>
          <td
            className="columnScore"
          >
            811
          </td>
          <td
            className="columnGames"
          >
            1
          </td>
        </tr>
      </tbody>
    </table>
    <div
      className="buttonWrapper"
    >
      <button
        className="button"
        onClick={[Function]}
      >
        &lt; 
      </button>
      <button
        className="button"
        onClick={[Function]}
      >
        &gt;
      </button>
      <a
        className="linkButton"
        href="/"
        onClick={[Function]}
      >
        На главную
      </a>
    </div>
    <img
      alt="hero-img"
      className="heroImg"
      draggable="false"
    />
  </div>
</div>
`;
