// Jest Snapshot v1, https://goo.gl/fbAQLP

exports[`Snapshot test page Forum Should correct render (without props) 1`] = `
<div
  className="forum"
>
  <h2
    className="forumTitle"
  >
    Форум
  </h2>
  <table
    className="table"
  >
    <thead>
      <tr>
        <th
          className="tableTitle"
        >
          Автор
        </th>
        <th
          className="tableTitle"
        >
          Тема
        </th>
        <th
          className="tableTitle"
        >
          Дата
        </th>
      </tr>
    </thead>
    <tbody>
      <tr>
        <td
          className="tableRow"
        >
          Kan88
        </td>
        <td
          className="tableRow"
        >
          Как пройти первый уровень
        </td>
        <td
          className="tableRow"
        >
          8.01.22
        </td>
      </tr>
      <tr>
        <td
          className="tableRow"
        >
          sasha85
        </td>
        <td
          className="tableRow"
        >
          Как создать новую тему
        </td>
        <td
          className="tableRow"
        >
          8.01.22
        </td>
      </tr>
    </tbody>
  </table>
  <div
    className="forumWrapper"
  >
    <a
      className="forumLink"
      href="/forum-new-post"
      onClick={[Function]}
    >
      Создать тему
    </a>
    <a
      className="forumLink"
      href="/"
      onClick={[Function]}
    >
      на главную
    </a>
  </div>
</div>
`;
