// Jest Snapshot v1, https://goo.gl/fbAQLP

exports[`<LeaderboardTable/> snapshot test cases <LeaderboardTable/> should render <table className=table> parent with child elements (with mockProps) 1`] = `
<div
  className="table"
>
  <div
    className="head"
  >
    <div
      className="columnPlace title ascending"
      onClick={[Function]}
    >
      Место
    </div>
    <div
      className="columnName title"
      onClick={[Function]}
    >
      Имя игрока
    </div>
    <div
      className="columnScore title"
      onClick={[Function]}
    >
      Очки
    </div>
    <div
      className="columnGames title"
      onClick={[Function]}
    >
      Игр сыграно
    </div>
  </div>
  <div
    className="body"
  >
    <div
      className="row"
    >
      <div
        className="columnPlace paddingBorder"
      >
        1
      </div>
      <div
        className="columnName paddingBorder"
      >
        Alex
      </div>
      <div
        className="columnScore paddingBorder"
      >
        811
      </div>
      <div
        className="columnGames paddingBorder"
      >
        1
      </div>
    </div>
  </div>
</div>
`;
