// Jest Snapshot v1, https://goo.gl/fbAQLP

exports[`<SignUp/> snapshot test cases <SignUp/> should render <h2>SignUp page</h2> 1`] = `
<h2>
  SignUp page
</h2>
`;
