// Jest Snapshot v1, https://goo.gl/fbAQLP

exports[`<GameStart/> snapshot test cases <GameStart/> should render <div className=gameStart> parent with child elements 1`] = `
<div
  className="gameStart"
>
  <p>
    Куда жать, чтобы было весело?!
  </p>
  <img
    alt="Клавиатура"
    draggable={false}
    height={303}
    width={720}
  />
  <button
    className="button gameStartButton"
    onClick={[Function]}
  >
    ПОНЯЛ, ПОГНАЛИ!
  </button>
</div>
`;
