// Jest Snapshot v1, https://goo.gl/fbAQLP

exports[`<ThemeSwitcher/> snapshot test cases <ThemeSwitcher/> should render <label> parent 1`] = `
<label
  className="switch"
>
  <input
    checked={false}
    onChange={[Function]}
    type="checkbox"
  />
  <span
    className="slider round"
  />
</label>
`;
