// Jest Snapshot v1, https://goo.gl/fbAQLP

exports[`<ForumNewPost/> snapshot test cases <ForumNewPost/> should render <div className=forum> with child elements 1`] = `
<div
  className="forum"
>
  <h2
    className="forumTitle"
  >
    Новая тема
  </h2>
  <div
    className="forumWrapper"
  >
    <form
      onSubmit={[Function]}
    >
      <label>
        <input
          className="form__input"
          name="body"
          placeholder="Название темы"
          type="text"
        />
      </label>
      <button
        className="button forumBtnCreate"
        type="submit"
      >
        создать тему
      </button>
    </form>
    <a
      className="forumLink"
      href="/forum"
      onClick={[Function]}
    >
      назад
    </a>
  </div>
</div>
`;
