// Jest Snapshot v1, https://goo.gl/fbAQLP

exports[`Snapshot test page ForumMessages Should correct render (without props) 1`] = `
<div
  className="forum"
>
  <table
    className="table"
  >
    <thead>
      <tr>
        <th
          className="tableTitle"
        >
          Автор
        </th>
        <th
          className="tableTitle"
        >
          Тема
        </th>
        <th
          className="tableTitle"
        >
          Дата
        </th>
      </tr>
    </thead>
    <tbody>
      <tr>
        <td
          className="tableRow"
        >
          Kan88
        </td>
        <td
          className="tableRow"
        >
          Как пройти первый уровень
        </td>
        <td
          className="tableRow"
        >
          8.01.22
        </td>
      </tr>
      <tr>
        <td
          className="tableRow"
        >
          sasha85
        </td>
        <td
          className="tableRow"
        >
          Я прошел на изи, надо лишь быстро двигать пальцами
        </td>
        <td
          className="tableRow"
        >
          8.01.22
        </td>
      </tr>
      <tr>
        <td
          className="tableRow"
        >
          Kan88
        </td>
        <td
          className="tableRow"
        >
          Подскажите пожалуйста как пройти второй уровень
        </td>
        <td
          className="tableRow"
        >
          8.01.22
        </td>
      </tr>
      <tr>
        <td
          className="tableRow"
        >
          sasha85
        </td>
        <td
          className="tableRow"
        >
          Я еще не прошел
        </td>
        <td
          className="tableRow"
        >
          8.01.22
        </td>
      </tr>
    </tbody>
  </table>
  <div
    className="forumWrapper"
  >
    <a
      className="forumLink"
      href="/forum-new-message"
      onClick={[Function]}
    >
      Создать сообщение
    </a>
    <a
      className="forumLink"
      href="/"
      onClick={[Function]}
    >
      назад
    </a>
  </div>
</div>
`;
